--------------------------------------------------------------------------------
Optimal objective: 2.450000e+02
Optimal objective: 8.400000e+01
Model is infeasible
Optimal objective: 8.400000e+01
Model is infeasible
Optimal objective: 8.400000e+01
Model is infeasible
Optimal objective: 8.400000e+01
Model is infeasible
Optimal objective: 8.400000e+01
Model is infeasible
Optimal objective: 8.400000e+01
Model is infeasible
Optimal objective: 8.400000e+01
Model is infeasible
Optimal objective: 8.400000e+01
Model is infeasible
Optimal objective: 8.400000e+01
Model is infeasible
Optimal objective: 8.400000e+01
Model is infeasible
Optimal objective: 8.400000e+01
Model is infeasible
Optimal objective: 8.400000e+01
Model is infeasible
Optimal objective: 8.400000e+01
Model is infeasible
Optimal objective: 8.400000e+01
Model is infeasible
Optimal objective: 8.400000e+01
Model is infeasible
Optimal objective: 8.400000e+01
Model is infeasible
Optimal objective: 8.400000e+01
Model is infeasible
Optimal objective: 8.400000e+01
Model is infeasible
Optimal objective: 8.400000e+01
Model is infeasible
Optimal objective: 8.400000e+01
Model is infeasible
Optimal objective: 8.400000e+01
Model is infeasible
Optimal objective: 8.400000e+01
Model is infeasible
Optimal objective: 8.400000e+01
Model is infeasible
Optimal objective: 8.400000e+01
Model is infeasible
Optimal objective: 8.400000e+01
Model is infeasible
Optimal objective: 8.400000e+01
Model is infeasible
Optimal objective: 8.400000e+01
Model is infeasible
Optimal objective: 8.400000e+01
Model is infeasible
Optimal objective: 8.400000e+01
Model is infeasible
Optimal objective: 8.400000e+01
Model is infeasible
Optimal objective: 8.400000e+01
Model is infeasible
Optimal objective: 8.400000e+01
Model is infeasible
Optimal objective: 8.400000e+01
Model is infeasible
Optimal objective: 8.400000e+01
Model is infeasible
Optimal objective: 8.400000e+01
Model is infeasible
Optimal objective: 8.400000e+01
Model is infeasible
Optimal objective: 8.400000e+01
Model is infeasible
Optimal objective: 8.400000e+01
Model is infeasible
Optimal objective: 8.400000e+01
Model is infeasible
Optimal objective: 8.400000e+01
Model is infeasible
Optimal objective: 8.400000e+01
Model is infeasible
Optimal objective: 8.400000e+01
Model is infeasible
Optimal objective: 8.400000e+01
Model is infeasible
Optimal objective: 8.400000e+01
Model is infeasible
Optimal objective: 8.400000e+01
Model is infeasible
Optimal objective: 8.400000e+01
Model is infeasible
Optimal objective: 8.400000e+01
Model is infeasible
Optimal objective: 8.400000e+01
Model is infeasible
Optimal objective: 8.400000e+01
Model is infeasible
Optimal objective: 8.400000e+01
Model is infeasible
Optimal objective: 8.400000e+01
Model is infeasible
Optimal objective: 8.400000e+01
Model is infeasible
Optimal objective: 8.400000e+01
Model is infeasible
Optimal objective: 8.400000e+01
Model is infeasible
Optimal objective: 8.400000e+01
Model is infeasible
Optimal objective: 8.400000e+01
Model is infeasible
Optimal objective: 8.400000e+01
Model is infeasible
Optimal objective: 8.400000e+01
Model is infeasible
Optimal objective: 8.400000e+01
Model is infeasible
Optimal objective: 8.400000e+01
Model is infeasible
Optimal objective: 8.400000e+01
Model is infeasible
Optimal objective: 8.400000e+01
Model is infeasible
Optimal objective: 8.400000e+01
Model is infeasible
Optimal objective: 8.400000e+01
Model is infeasible
Optimal objective: 8.400000e+01
Model is infeasible
Optimal objective: 8.400000e+01
Model is infeasible
Optimal objective: 8.400000e+01
Model is infeasible
Optimal objective: 8.400000e+01
Model is infeasible
Optimal objective: 8.400000e+01
Model is infeasible
Optimal objective: 8.400000e+01
Model is infeasible
Optimal objective: 8.400000e+01
Model is infeasible
Optimal objective: 8.400000e+01
Model is infeasible
Optimal objective: 8.400000e+01
Model is infeasible
Optimal objective: 8.400000e+01
Model is infeasible
Optimal objective: 8.400000e+01
Model is infeasible
Optimal objective: 8.400000e+01
Model is infeasible
Optimal objective: 8.400000e+01
Model is infeasible
Optimal objective: 8.400000e+01
Model is infeasible
Optimal objective: 8.400000e+01
Model is infeasible
Optimal objective: 8.400000e+01
Model is infeasible
Optimal objective: 8.400000e+01
Model is infeasible
Optimal objective: 8.400000e+01
Model is infeasible
Optimal objective: 8.400000e+01
Model is infeasible
Optimal objective: 8.400000e+01
Model is infeasible
Optimal objective: 8.400000e+01
Model is infeasible
Optimal objective: 8.400000e+01
Model is infeasible
Optimal objective: 8.400000e+01
Model is infeasible
Optimal objective: 8.400000e+01
Model is infeasible
Optimal objective: 8.400000e+01
Model is infeasible
Optimal objective: 8.400000e+01
Model is infeasible

 final sched latency: 2
