<__ieee754_sqrt>:<%0> maps to <__ieee754_sqrt>:<%0>
<__ieee754_sqrt>:<%100> maps to <__ieee754_sqrt>:<%100>
<__ieee754_sqrt>:<%11> maps to <__ieee754_sqrt>:<%11>
<__ieee754_sqrt>:<%112> maps to <__ieee754_sqrt>:<%112>
<__ieee754_sqrt>:<%114> maps to <__ieee754_sqrt>:<%114>
<__ieee754_sqrt>:<%120> maps to <__ieee754_sqrt>:<%114>
<__ieee754_sqrt>:<%128> maps to <__ieee754_sqrt>:<%114>
<__ieee754_sqrt>:<%140> maps to <__ieee754_sqrt>:<%140>
<__ieee754_sqrt>:<%142> maps to <__ieee754_sqrt>:<%142>
<__ieee754_sqrt>:<%144> maps to <__ieee754_sqrt>:<%144>
<__ieee754_sqrt>:<%15> maps to <__ieee754_sqrt>:<%15>
<__ieee754_sqrt>:<%151> maps to <__ieee754_sqrt>:<%151>
<__ieee754_sqrt>:<%155> maps to <__ieee754_sqrt>:<%155>
<__ieee754_sqrt>:<%159> maps to <__ieee754_sqrt>:<%159>
<__ieee754_sqrt>:<%166> maps to <__ieee754_sqrt>:<%166>
<__ieee754_sqrt>:<%171> maps to <__ieee754_sqrt>:<%171>
<__ieee754_sqrt>:<%174> maps to <__ieee754_sqrt>:<%172>
<__ieee754_sqrt>:<%181> maps to <__ieee754_sqrt>:<%172>
<__ieee754_sqrt>:<%184> maps to <__ieee754_sqrt>:<%172>
<__ieee754_sqrt>:<%19> maps to <__ieee754_sqrt>:<%19>
<__ieee754_sqrt>:<%191> maps to <__ieee754_sqrt>:<%191>
<__ieee754_sqrt>:<%203> maps to <__ieee754_sqrt>:<%203>
<__ieee754_sqrt>:<%208> maps to <__ieee754_sqrt>:<%208>
<__ieee754_sqrt>:<%209> maps to <__ieee754_sqrt>:<%209>
<__ieee754_sqrt>:<%212> maps to <__ieee754_sqrt>:<%212>
<__ieee754_sqrt>:<%215> maps to <__ieee754_sqrt>:<%215>
<__ieee754_sqrt>:<%218> maps to <__ieee754_sqrt>:<%218>
<__ieee754_sqrt>:<%22> maps to <__ieee754_sqrt>:<%22>
<__ieee754_sqrt>:<%221> maps to <__ieee754_sqrt>:<%221>
<__ieee754_sqrt>:<%224> maps to <__ieee754_sqrt>:<%224>
<__ieee754_sqrt>:<%227> maps to <__ieee754_sqrt>:<%227>
<__ieee754_sqrt>:<%231> maps to <__ieee754_sqrt>:<%231>
<__ieee754_sqrt>:<%232> maps to <__ieee754_sqrt>:<%232>
<__ieee754_sqrt>:<%233> maps to <__ieee754_sqrt>:<%233>
<__ieee754_sqrt>:<%234> maps to <__ieee754_sqrt>:<%234>
<__ieee754_sqrt>:<%243> maps to <__ieee754_sqrt>:<%243>
<__ieee754_sqrt>:<%247> maps to <__ieee754_sqrt>:<%247>
<__ieee754_sqrt>:<%252> maps to <__ieee754_sqrt>:<%252>
<__ieee754_sqrt>:<%260> maps to <__ieee754_sqrt>:<%260>
<__ieee754_sqrt>:<%262> maps to <__ieee754_sqrt>:<%262>
<__ieee754_sqrt>:<%3> maps to <__ieee754_sqrt>:<%3>
<__ieee754_sqrt>:<%30> maps to <__ieee754_sqrt>:<%30>
<__ieee754_sqrt>:<%32> maps to <__ieee754_sqrt>:<%32>
<__ieee754_sqrt>:<%35> maps to <__ieee754_sqrt>:<%35>
<__ieee754_sqrt>:<%40> maps to <__ieee754_sqrt>:<%40>
<__ieee754_sqrt>:<%41> maps to <__ieee754_sqrt>:<%41>
<__ieee754_sqrt>:<%42> maps to <__ieee754_sqrt>:<%42>
<__ieee754_sqrt>:<%46> maps to <__ieee754_sqrt>:<%46>
<__ieee754_sqrt>:<%47> maps to <__ieee754_sqrt>:<%47>
<__ieee754_sqrt>:<%50> maps to <__ieee754_sqrt>:<%50>
<__ieee754_sqrt>:<%58> maps to <__ieee754_sqrt>:<%58>
<__ieee754_sqrt>:<%59> maps to <__ieee754_sqrt>:<%59>
<__ieee754_sqrt>:<%63> maps to <__ieee754_sqrt>:<%63>
<__ieee754_sqrt>:<%66> maps to <__ieee754_sqrt>:<%66>
<__ieee754_sqrt>:<%69> maps to <__ieee754_sqrt>:<%69>
<__ieee754_sqrt>:<%82> maps to <__ieee754_sqrt>:<%82>
<__ieee754_sqrt>:<%90> maps to <__ieee754_sqrt>:<%90>
<main>:<%.loopexit> maps to <main>:<%.loopexit>
<main>:<%.loopexit.preheader> maps to <main>:<%.loopexit.preheader>
<main>:<%.preheader1> maps to <main>:<%.preheader1>
<main>:<%.preheader1.preheader> maps to <main>:<%.preheader1.preheader>
<main>:<%.preheader2> maps to <main>:<%.preheader2>
<main>:<%.preheader2.preheader> maps to <main>:<%.preheader2.preheader>
<main>:<%0> maps to <main>:<%0>
<main>:<%1> maps to <main>:<%1>
<main>:<%11> maps to <main>:<%11>
<main>:<%16> maps to <main>:<%16>
<main>:<%26> maps to <main>:<%26>
<main>:<%3> maps to <main>:<%3>
<main>:<%36> maps to <main>:<%36>
<main>:<%48> maps to <main>:<%48>
<__ieee754_sqrt>:<%0> maps to <__ieee754_sqrt>:<%0>
<__ieee754_sqrt>:<%100> maps to <__ieee754_sqrt>:<%100>
<__ieee754_sqrt>:<%11> maps to <__ieee754_sqrt>:<%11>
<__ieee754_sqrt>:<%112> maps to <__ieee754_sqrt>:<%112>
<__ieee754_sqrt>:<%114> maps to <__ieee754_sqrt>:<%114>
<__ieee754_sqrt>:<%120> maps to <__ieee754_sqrt>:<%114>
<__ieee754_sqrt>:<%128> maps to <__ieee754_sqrt>:<%114>
<__ieee754_sqrt>:<%140> maps to <__ieee754_sqrt>:<%140>
<__ieee754_sqrt>:<%142> maps to <__ieee754_sqrt>:<%142>
<__ieee754_sqrt>:<%144> maps to <__ieee754_sqrt>:<%144>
<__ieee754_sqrt>:<%15> maps to <__ieee754_sqrt>:<%15>
<__ieee754_sqrt>:<%151> maps to <__ieee754_sqrt>:<%151>
<__ieee754_sqrt>:<%155> maps to <__ieee754_sqrt>:<%155>
<__ieee754_sqrt>:<%159> maps to <__ieee754_sqrt>:<%159>
<__ieee754_sqrt>:<%166> maps to <__ieee754_sqrt>:<%166>
<__ieee754_sqrt>:<%171> maps to <__ieee754_sqrt>:<%171>
<__ieee754_sqrt>:<%174> maps to <__ieee754_sqrt>:<%172>
<__ieee754_sqrt>:<%181> maps to <__ieee754_sqrt>:<%172>
<__ieee754_sqrt>:<%184> maps to <__ieee754_sqrt>:<%172>
<__ieee754_sqrt>:<%19> maps to <__ieee754_sqrt>:<%19>
<__ieee754_sqrt>:<%191> maps to <__ieee754_sqrt>:<%191>
<__ieee754_sqrt>:<%203> maps to <__ieee754_sqrt>:<%203>
<__ieee754_sqrt>:<%208> maps to <__ieee754_sqrt>:<%208>
<__ieee754_sqrt>:<%209> maps to <__ieee754_sqrt>:<%209>
<__ieee754_sqrt>:<%212> maps to <__ieee754_sqrt>:<%212>
<__ieee754_sqrt>:<%215> maps to <__ieee754_sqrt>:<%215>
<__ieee754_sqrt>:<%218> maps to <__ieee754_sqrt>:<%218>
<__ieee754_sqrt>:<%22> maps to <__ieee754_sqrt>:<%22>
<__ieee754_sqrt>:<%221> maps to <__ieee754_sqrt>:<%221>
<__ieee754_sqrt>:<%224> maps to <__ieee754_sqrt>:<%224>
<__ieee754_sqrt>:<%227> maps to <__ieee754_sqrt>:<%227>
<__ieee754_sqrt>:<%231> maps to <__ieee754_sqrt>:<%231>
<__ieee754_sqrt>:<%232> maps to <__ieee754_sqrt>:<%232>
<__ieee754_sqrt>:<%233> maps to <__ieee754_sqrt>:<%233>
<__ieee754_sqrt>:<%234> maps to <__ieee754_sqrt>:<%234>
<__ieee754_sqrt>:<%243> maps to <__ieee754_sqrt>:<%243>
<__ieee754_sqrt>:<%247> maps to <__ieee754_sqrt>:<%247>
<__ieee754_sqrt>:<%252> maps to <__ieee754_sqrt>:<%252>
<__ieee754_sqrt>:<%260> maps to <__ieee754_sqrt>:<%260>
<__ieee754_sqrt>:<%262> maps to <__ieee754_sqrt>:<%262>
<__ieee754_sqrt>:<%3> maps to <__ieee754_sqrt>:<%3>
<__ieee754_sqrt>:<%30> maps to <__ieee754_sqrt>:<%30>
<__ieee754_sqrt>:<%32> maps to <__ieee754_sqrt>:<%32>
<__ieee754_sqrt>:<%35> maps to <__ieee754_sqrt>:<%35>
<__ieee754_sqrt>:<%40> maps to <__ieee754_sqrt>:<%40>
<__ieee754_sqrt>:<%41> maps to <__ieee754_sqrt>:<%41>
<__ieee754_sqrt>:<%42> maps to <__ieee754_sqrt>:<%42>
<__ieee754_sqrt>:<%46> maps to <__ieee754_sqrt>:<%46>
<__ieee754_sqrt>:<%47> maps to <__ieee754_sqrt>:<%47>
<__ieee754_sqrt>:<%50> maps to <__ieee754_sqrt>:<%50>
<__ieee754_sqrt>:<%58> maps to <__ieee754_sqrt>:<%58>
<__ieee754_sqrt>:<%59> maps to <__ieee754_sqrt>:<%59>
<__ieee754_sqrt>:<%63> maps to <__ieee754_sqrt>:<%63>
<__ieee754_sqrt>:<%66> maps to <__ieee754_sqrt>:<%66>
<__ieee754_sqrt>:<%69> maps to <__ieee754_sqrt>:<%69>
<__ieee754_sqrt>:<%82> maps to <__ieee754_sqrt>:<%82>
<__ieee754_sqrt>:<%90> maps to <__ieee754_sqrt>:<%90>
<main>:<%.loopexit> maps to <main>:<%.loopexit>
<main>:<%.loopexit.preheader> maps to <main>:<%.loopexit.preheader>
<main>:<%.preheader1> maps to <main>:<%.preheader1>
<main>:<%.preheader1.preheader> maps to <main>:<%.preheader1.preheader>
<main>:<%.preheader2> maps to <main>:<%.preheader2>
<main>:<%.preheader2.preheader> maps to <main>:<%.preheader2.preheader>
<main>:<%0> maps to <main>:<%0>
<main>:<%1> maps to <main>:<%1>
<main>:<%11> maps to <main>:<%11>
<main>:<%16> maps to <main>:<%16>
<main>:<%26> maps to <main>:<%26>
<main>:<%3> maps to <main>:<%3>
<main>:<%34> maps to <main>:<%34>
<main>:<%47> maps to <main>:<%47>
<__ieee754_rem_pio2>:<%0> maps to <__ieee754_rem_pio2>:<%0>
<__ieee754_rem_pio2>:<%10> maps to <__ieee754_rem_pio2>:<%10>
<__ieee754_rem_pio2>:<%102> maps to <__ieee754_rem_pio2>:<%102>
<__ieee754_rem_pio2>:<%107> maps to <__ieee754_rem_pio2>:<%107>
<__ieee754_rem_pio2>:<%114> maps to <__ieee754_rem_pio2>:<%114>
<__ieee754_rem_pio2>:<%121> maps to <__ieee754_rem_pio2>:<%121>
<__ieee754_rem_pio2>:<%128> maps to <__ieee754_rem_pio2>:<%128>
<__ieee754_rem_pio2>:<%14> maps to <__ieee754_rem_pio2>:<%14>
<__ieee754_rem_pio2>:<%141> maps to <__ieee754_rem_pio2>:<%141>
<__ieee754_rem_pio2>:<%148> maps to <__ieee754_rem_pio2>:<%148>
<__ieee754_rem_pio2>:<%155> maps to <__ieee754_rem_pio2>:<%155>
<__ieee754_rem_pio2>:<%168> maps to <__ieee754_rem_pio2>:<%168>
<__ieee754_rem_pio2>:<%169> maps to <__ieee754_rem_pio2>:<%169>
<__ieee754_rem_pio2>:<%170> maps to <__ieee754_rem_pio2>:<%170>
<__ieee754_rem_pio2>:<%180> maps to <__ieee754_rem_pio2>:<%180>
<__ieee754_rem_pio2>:<%19> maps to <__ieee754_rem_pio2>:<%19>
<__ieee754_rem_pio2>:<%191> maps to <__ieee754_rem_pio2>:<%191>
<__ieee754_rem_pio2>:<%193> maps to <__ieee754_rem_pio2>:<%193>
<__ieee754_rem_pio2>:<%196> maps to <__ieee754_rem_pio2>:<%196>
<__ieee754_rem_pio2>:<%202> maps to <__ieee754_rem_pio2>:<%202>
<__ieee754_rem_pio2>:<%203> maps to <__ieee754_rem_pio2>:<%203>
<__ieee754_rem_pio2>:<%208> maps to <__ieee754_rem_pio2>:<%208>
<__ieee754_rem_pio2>:<%209> maps to <__ieee754_rem_pio2>:<%209>
<__ieee754_rem_pio2>:<%216> maps to <__ieee754_rem_pio2>:<%216>
<__ieee754_rem_pio2>:<%22> maps to <__ieee754_rem_pio2>:<%22>
<__ieee754_rem_pio2>:<%220> maps to <__ieee754_rem_pio2>:<%220>
<__ieee754_rem_pio2>:<%231> maps to <__ieee754_rem_pio2>:<%231>
<__ieee754_rem_pio2>:<%232> maps to <__ieee754_rem_pio2>:<%232>
<__ieee754_rem_pio2>:<%234> maps to <__ieee754_rem_pio2>:<%234>
<__ieee754_rem_pio2>:<%246> maps to <__ieee754_rem_pio2>:<%246>
<__ieee754_rem_pio2>:<%249> maps to <__ieee754_rem_pio2>:<%249>
<__ieee754_rem_pio2>:<%25> maps to <__ieee754_rem_pio2>:<%25>
<__ieee754_rem_pio2>:<%252> maps to <__ieee754_rem_pio2>:<%252>
<__ieee754_rem_pio2>:<%257> maps to <__ieee754_rem_pio2>:<%257>
<__ieee754_rem_pio2>:<%260> maps to <__ieee754_rem_pio2>:<%260>
<__ieee754_rem_pio2>:<%268> maps to <__ieee754_rem_pio2>:<%268>
<__ieee754_rem_pio2>:<%279> maps to <__ieee754_rem_pio2>:<%279>
<__ieee754_rem_pio2>:<%281> maps to <__ieee754_rem_pio2>:<%281>
<__ieee754_rem_pio2>:<%30> maps to <__ieee754_rem_pio2>:<%30>
<__ieee754_rem_pio2>:<%4> maps to <__ieee754_rem_pio2>:<%4>
<__ieee754_rem_pio2>:<%40> maps to <__ieee754_rem_pio2>:<%40>
<__ieee754_rem_pio2>:<%51> maps to <__ieee754_rem_pio2>:<%51>
<__ieee754_rem_pio2>:<%52> maps to <__ieee754_rem_pio2>:<%52>
<__ieee754_rem_pio2>:<%57> maps to <__ieee754_rem_pio2>:<%57>
<__ieee754_rem_pio2>:<%67> maps to <__ieee754_rem_pio2>:<%67>
<__ieee754_rem_pio2>:<%78> maps to <__ieee754_rem_pio2>:<%78>
<__ieee754_rem_pio2>:<%79> maps to <__ieee754_rem_pio2>:<%79>
<__ieee754_rem_pio2>:<%82> maps to <__ieee754_rem_pio2>:<%82>
<__ieee754_rem_pio2>:<%95> maps to <__ieee754_rem_pio2>:<%95>
<__kernel_cos>:<%0> maps to <__kernel_cos>:<%0>
<__kernel_cos>:<%10> maps to <__kernel_cos>:<%10>
<__kernel_cos>:<%14> maps to <__kernel_cos>:<%14>
<__kernel_cos>:<%18> maps to <__kernel_cos>:<%18>
<__kernel_cos>:<%19> maps to <__kernel_cos>:<%19>
<__kernel_cos>:<%20> maps to <__kernel_cos>:<%20>
<__kernel_cos>:<%36> maps to <__kernel_cos>:<%36>
<__kernel_cos>:<%4> maps to <__kernel_cos>:<%4>
<__kernel_cos>:<%47> maps to <__kernel_cos>:<%47>
<__kernel_cos>:<%50> maps to <__kernel_cos>:<%50>
<__kernel_cos>:<%51> maps to <__kernel_cos>:<%51>
<__kernel_cos>:<%52> maps to <__kernel_cos>:<%52>
<__kernel_cos>:<%60> maps to <__kernel_cos>:<%60>
<__kernel_cos>:<%61> maps to <__kernel_cos>:<%61>
<__kernel_cos>:<%75> maps to <__kernel_cos>:<%75>
<__kernel_rem_pio2>:<%.loopexit> maps to <__kernel_rem_pio2>:<%.loopexit>
<__kernel_rem_pio2>:<%0> maps to <__kernel_rem_pio2>:<%0>
<__kernel_rem_pio2>:<%106> maps to <__kernel_rem_pio2>:<%106>
<__kernel_rem_pio2>:<%111> maps to <__kernel_rem_pio2>:<%111>
<__kernel_rem_pio2>:<%124> maps to <__kernel_rem_pio2>:<%124>
<__kernel_rem_pio2>:<%149> maps to <__kernel_rem_pio2>:<%149>
<__kernel_rem_pio2>:<%15> maps to <__kernel_rem_pio2>:<%15>
<__kernel_rem_pio2>:<%152> maps to <__kernel_rem_pio2>:<%152>
<__kernel_rem_pio2>:<%158> maps to <__kernel_rem_pio2>:<%155>
<__kernel_rem_pio2>:<%16> maps to <__kernel_rem_pio2>:<%16>
<__kernel_rem_pio2>:<%161> maps to <__kernel_rem_pio2>:<%155>
<__kernel_rem_pio2>:<%162> maps to <__kernel_rem_pio2>:<%155>
<__kernel_rem_pio2>:<%163> maps to <__kernel_rem_pio2>:<%163>
<__kernel_rem_pio2>:<%164> maps to <__kernel_rem_pio2>:<%164>
<__kernel_rem_pio2>:<%167> maps to <__kernel_rem_pio2>:<%167>
<__kernel_rem_pio2>:<%170> maps to <__kernel_rem_pio2>:<%170>
<__kernel_rem_pio2>:<%173> maps to <__kernel_rem_pio2>:<%173>
<__kernel_rem_pio2>:<%179> maps to <__kernel_rem_pio2>:<%174>
<__kernel_rem_pio2>:<%182> maps to <__kernel_rem_pio2>:<%174>
<__kernel_rem_pio2>:<%187> maps to <__kernel_rem_pio2>:<%174>
<__kernel_rem_pio2>:<%188> maps to <__kernel_rem_pio2>:<%188>
<__kernel_rem_pio2>:<%193> maps to <__kernel_rem_pio2>:<%193>
<__kernel_rem_pio2>:<%194> maps to <__kernel_rem_pio2>:<%194>
<__kernel_rem_pio2>:<%197> maps to <__kernel_rem_pio2>:<%197>
<__kernel_rem_pio2>:<%200> maps to <__kernel_rem_pio2>:<%200>
<__kernel_rem_pio2>:<%202> maps to <__kernel_rem_pio2>:<%202>
<__kernel_rem_pio2>:<%208> maps to <__kernel_rem_pio2>:<%208>
<__kernel_rem_pio2>:<%214> maps to <__kernel_rem_pio2>:<%214>
<__kernel_rem_pio2>:<%215> maps to <__kernel_rem_pio2>:<%215>
<__kernel_rem_pio2>:<%218> maps to <__kernel_rem_pio2>:<%218>
<__kernel_rem_pio2>:<%223> maps to <__kernel_rem_pio2>:<%223>
<__kernel_rem_pio2>:<%228> maps to <__kernel_rem_pio2>:<%228>
<__kernel_rem_pio2>:<%229> maps to <__kernel_rem_pio2>:<%229>
<__kernel_rem_pio2>:<%230> maps to <__kernel_rem_pio2>:<%230>
<__kernel_rem_pio2>:<%233> maps to <__kernel_rem_pio2>:<%233>
<__kernel_rem_pio2>:<%235> maps to <__kernel_rem_pio2>:<%235>
<__kernel_rem_pio2>:<%238> maps to <__kernel_rem_pio2>:<%238>
<__kernel_rem_pio2>:<%244> maps to <__kernel_rem_pio2>:<%244>
<__kernel_rem_pio2>:<%246> maps to <__kernel_rem_pio2>:<%246>
<__kernel_rem_pio2>:<%249> maps to <__kernel_rem_pio2>:<%249>
<__kernel_rem_pio2>:<%25> maps to <__kernel_rem_pio2>:<%25>
<__kernel_rem_pio2>:<%250> maps to <__kernel_rem_pio2>:<%250>
<__kernel_rem_pio2>:<%256> maps to <__kernel_rem_pio2>:<%256>
<__kernel_rem_pio2>:<%257> maps to <__kernel_rem_pio2>:<%257>
<__kernel_rem_pio2>:<%260> maps to <__kernel_rem_pio2>:<%260>
<__kernel_rem_pio2>:<%262> maps to <__kernel_rem_pio2>:<%262>
<__kernel_rem_pio2>:<%267> maps to <__kernel_rem_pio2>:<%267>
<__kernel_rem_pio2>:<%279> maps to <__kernel_rem_pio2>:<%279>
<__kernel_rem_pio2>:<%283> maps to <__kernel_rem_pio2>:<%283>
<__kernel_rem_pio2>:<%29> maps to <__kernel_rem_pio2>:<%29>
<__kernel_rem_pio2>:<%298> maps to <__kernel_rem_pio2>:<%298>
<__kernel_rem_pio2>:<%301> maps to <__kernel_rem_pio2>:<%301>
<__kernel_rem_pio2>:<%305> maps to <__kernel_rem_pio2>:<%305>
<__kernel_rem_pio2>:<%307> maps to <__kernel_rem_pio2>:<%307>
<__kernel_rem_pio2>:<%311> maps to <__kernel_rem_pio2>:<%311>
<__kernel_rem_pio2>:<%312> maps to <__kernel_rem_pio2>:<%312>
<__kernel_rem_pio2>:<%315> maps to <__kernel_rem_pio2>:<%315>
<__kernel_rem_pio2>:<%319> maps to <__kernel_rem_pio2>:<%319>
<__kernel_rem_pio2>:<%32> maps to <__kernel_rem_pio2>:<%29>
<__kernel_rem_pio2>:<%324> maps to <__kernel_rem_pio2>:<%324>
<__kernel_rem_pio2>:<%328> maps to <__kernel_rem_pio2>:<%328>
<__kernel_rem_pio2>:<%329> maps to <__kernel_rem_pio2>:<%329>
<__kernel_rem_pio2>:<%33> maps to <__kernel_rem_pio2>:<%29>
<__kernel_rem_pio2>:<%335> maps to <__kernel_rem_pio2>:<%335>
<__kernel_rem_pio2>:<%352> maps to <__kernel_rem_pio2>:<%352>
<__kernel_rem_pio2>:<%357> maps to <__kernel_rem_pio2>:<%357>
<__kernel_rem_pio2>:<%358> maps to <__kernel_rem_pio2>:<%358>
<__kernel_rem_pio2>:<%362> maps to <__kernel_rem_pio2>:<%362>
<__kernel_rem_pio2>:<%364> maps to <__kernel_rem_pio2>:<%364>
<__kernel_rem_pio2>:<%374> maps to <__kernel_rem_pio2>:<%374>
<__kernel_rem_pio2>:<%377> maps to <__kernel_rem_pio2>:<%377>
<__kernel_rem_pio2>:<%379> maps to <__kernel_rem_pio2>:<%379>
<__kernel_rem_pio2>:<%381> maps to <__kernel_rem_pio2>:<%381>
<__kernel_rem_pio2>:<%382> maps to <__kernel_rem_pio2>:<%375>
<__kernel_rem_pio2>:<%385> maps to <__kernel_rem_pio2>:<%375>
<__kernel_rem_pio2>:<%39> maps to <__kernel_rem_pio2>:<%29>
<__kernel_rem_pio2>:<%391> maps to <__kernel_rem_pio2>:<%375>
<__kernel_rem_pio2>:<%393> maps to <__kernel_rem_pio2>:<%393>
<__kernel_rem_pio2>:<%404> maps to <__kernel_rem_pio2>:<%404>
<__kernel_rem_pio2>:<%407> maps to <__kernel_rem_pio2>:<%407>
<__kernel_rem_pio2>:<%413> maps to <__kernel_rem_pio2>:<%413>
<__kernel_rem_pio2>:<%416> maps to <__kernel_rem_pio2>:<%416>
<__kernel_rem_pio2>:<%418> maps to <__kernel_rem_pio2>:<%418>
<__kernel_rem_pio2>:<%420> maps to <__kernel_rem_pio2>:<%420>
<__kernel_rem_pio2>:<%422> maps to <__kernel_rem_pio2>:<%422>
<__kernel_rem_pio2>:<%428> maps to <__kernel_rem_pio2>:<%428>
<__kernel_rem_pio2>:<%43> maps to <__kernel_rem_pio2>:<%43>
<__kernel_rem_pio2>:<%431> maps to <__kernel_rem_pio2>:<%431>
<__kernel_rem_pio2>:<%434> maps to <__kernel_rem_pio2>:<%434>
<__kernel_rem_pio2>:<%436> maps to <__kernel_rem_pio2>:<%436>
<__kernel_rem_pio2>:<%439> maps to <__kernel_rem_pio2>:<%439>
<__kernel_rem_pio2>:<%442> maps to <__kernel_rem_pio2>:<%442>
<__kernel_rem_pio2>:<%444> maps to <__kernel_rem_pio2>:<%444>
<__kernel_rem_pio2>:<%446> maps to <__kernel_rem_pio2>:<%446>
<__kernel_rem_pio2>:<%452> maps to <__kernel_rem_pio2>:<%452>
<__kernel_rem_pio2>:<%455> maps to <__kernel_rem_pio2>:<%455>
<__kernel_rem_pio2>:<%458> maps to <__kernel_rem_pio2>:<%458>
<__kernel_rem_pio2>:<%460> maps to <__kernel_rem_pio2>:<%460>
<__kernel_rem_pio2>:<%463> maps to <__kernel_rem_pio2>:<%463>
<__kernel_rem_pio2>:<%470> maps to <__kernel_rem_pio2>:<%470>
<__kernel_rem_pio2>:<%473> maps to <__kernel_rem_pio2>:<%473>
<__kernel_rem_pio2>:<%479> maps to <__kernel_rem_pio2>:<%479>
<__kernel_rem_pio2>:<%48> maps to <__kernel_rem_pio2>:<%48>
<__kernel_rem_pio2>:<%482> maps to <__kernel_rem_pio2>:<%482>
<__kernel_rem_pio2>:<%485> maps to <__kernel_rem_pio2>:<%485>
<__kernel_rem_pio2>:<%487> maps to <__kernel_rem_pio2>:<%487>
<__kernel_rem_pio2>:<%49> maps to <__kernel_rem_pio2>:<%49>
<__kernel_rem_pio2>:<%490> maps to <__kernel_rem_pio2>:<%490>
<__kernel_rem_pio2>:<%494> maps to <__kernel_rem_pio2>:<%494>
<__kernel_rem_pio2>:<%496> maps to <__kernel_rem_pio2>:<%496>
<__kernel_rem_pio2>:<%498> maps to <__kernel_rem_pio2>:<%498>
<__kernel_rem_pio2>:<%518> maps to <__kernel_rem_pio2>:<%518>
<__kernel_rem_pio2>:<%52> maps to <__kernel_rem_pio2>:<%52>
<__kernel_rem_pio2>:<%521> maps to <__kernel_rem_pio2>:<%521>
<__kernel_rem_pio2>:<%523> maps to <__kernel_rem_pio2>:<%523>
<__kernel_rem_pio2>:<%525> maps to <__kernel_rem_pio2>:<%525>
<__kernel_rem_pio2>:<%53> maps to <__kernel_rem_pio2>:<%53>
<__kernel_rem_pio2>:<%545> maps to <__kernel_rem_pio2>:<%545>
<__kernel_rem_pio2>:<%548> maps to <__kernel_rem_pio2>:<%548>
<__kernel_rem_pio2>:<%550> maps to <__kernel_rem_pio2>:<%550>
<__kernel_rem_pio2>:<%552> maps to <__kernel_rem_pio2>:<%552>
<__kernel_rem_pio2>:<%558> maps to <__kernel_rem_pio2>:<%558>
<__kernel_rem_pio2>:<%561> maps to <__kernel_rem_pio2>:<%561>
<__kernel_rem_pio2>:<%564> maps to <__kernel_rem_pio2>:<%564>
<__kernel_rem_pio2>:<%57> maps to <__kernel_rem_pio2>:<%57>
<__kernel_rem_pio2>:<%575> maps to <__kernel_rem_pio2>:<%575>
<__kernel_rem_pio2>:<%589> maps to <__kernel_rem_pio2>:<%589>
<__kernel_rem_pio2>:<%590> maps to <__kernel_rem_pio2>:<%590>
<__kernel_rem_pio2>:<%72> maps to <__kernel_rem_pio2>:<%72>
<__kernel_rem_pio2>:<%75> maps to <__kernel_rem_pio2>:<%75>
<__kernel_rem_pio2>:<%79> maps to <__kernel_rem_pio2>:<%79>
<__kernel_rem_pio2>:<%82> maps to <__kernel_rem_pio2>:<%82>
<__kernel_rem_pio2>:<%84> maps to <__kernel_rem_pio2>:<%84>
<__kernel_rem_pio2>:<%87> maps to <__kernel_rem_pio2>:<%87>
<__kernel_rem_pio2>:<%90> maps to <__kernel_rem_pio2>:<%90>
<main>:<%.loopexit> maps to <main>:<%.loopexit>
<main>:<%.loopexit.preheader> maps to <main>:<%.loopexit.preheader>
<main>:<%.preheader1> maps to <main>:<%.preheader1>
<main>:<%.preheader1.preheader> maps to <main>:<%.preheader1.preheader>
<main>:<%.preheader2> maps to <main>:<%.preheader2>
<main>:<%.preheader2.preheader> maps to <main>:<%.preheader2.preheader>
<main>:<%0> maps to <main>:<%0>
<main>:<%1> maps to <main>:<%1>
<main>:<%11> maps to <main>:<%11>
<main>:<%16> maps to <main>:<%16>
<main>:<%26> maps to <main>:<%26>
<main>:<%3> maps to <main>:<%3>
<main>:<%36> maps to <main>:<%36>
<main>:<%48> maps to <main>:<%48>
