--------------------------------------------------------------------------------
Optimal objective: 3.162000e+03
Optimal objective: 1.897000e+03
Model is infeasible
Optimal objective: 1.897000e+03
Model is infeasible
Optimal objective: 1.897000e+03
Model is infeasible
Optimal objective: 1.897000e+03
Model is infeasible
Optimal objective: 1.897000e+03
Model is infeasible
Optimal objective: 1.897000e+03
Model is infeasible
Optimal objective: 1.897000e+03
Model is infeasible
Optimal objective: 1.897000e+03
Model is infeasible
Optimal objective: 1.897000e+03
Model is infeasible
Optimal objective: 1.897000e+03
Model is infeasible
Optimal objective: 1.897000e+03
Model is infeasible
Optimal objective: 1.897000e+03
Model is infeasible
Optimal objective: 1.897000e+03
Model is infeasible
Optimal objective: 1.897000e+03
Model is infeasible
Optimal objective: 1.897000e+03
Model is infeasible
Optimal objective: 1.897000e+03
Model is infeasible
Optimal objective: 1.897000e+03
Model is infeasible
Optimal objective: 1.897000e+03
Model is infeasible
Optimal objective: 1.897000e+03
Model is infeasible
Optimal objective: 1.897000e+03
Model is infeasible
Optimal objective: 1.897000e+03
Model is infeasible
Optimal objective: 1.897000e+03
Model is infeasible
Optimal objective: 1.897000e+03
Model is infeasible
Optimal objective: 1.897000e+03
Model is infeasible
Optimal objective: 1.897000e+03
Model is infeasible
Optimal objective: 1.897000e+03
Model is infeasible
Optimal objective: 1.897000e+03
Model is infeasible
Optimal objective: 1.897000e+03
Model is infeasible
Optimal objective: 1.897000e+03
Model is infeasible
Optimal objective: 1.897000e+03
Model is infeasible
Optimal objective: 1.897000e+03
Model is infeasible
Optimal objective: 1.897000e+03
Model is infeasible
Optimal objective: 1.897000e+03
Model is infeasible
Optimal objective: 1.897000e+03
Model is infeasible
Optimal objective: 1.897000e+03
Model is infeasible
Optimal objective: 1.897000e+03
Model is infeasible
Optimal objective: 1.897000e+03
Model is infeasible
Optimal objective: 1.897000e+03
Model is infeasible
Optimal objective: 1.897000e+03
Model is infeasible
Optimal objective: 1.897000e+03
Model is infeasible
Optimal objective: 1.897000e+03
Model is infeasible
Optimal objective: 1.897000e+03
Model is infeasible
Optimal objective: 1.897000e+03
Model is infeasible
Optimal objective: 1.897000e+03
Model is infeasible
Optimal objective: 1.897000e+03
Model is infeasible
Optimal objective: 1.897000e+03
Model is infeasible
Optimal objective: 1.897000e+03
Model is infeasible
Optimal objective: 1.897000e+03
Model is infeasible
Optimal objective: 1.897000e+03
Model is infeasible
Optimal objective: 1.897000e+03
Model is infeasible
Optimal objective: 1.897000e+03
Model is infeasible
Optimal objective: 1.897000e+03
Model is infeasible
Optimal objective: 1.897000e+03
Model is infeasible
Optimal objective: 1.897000e+03
Model is infeasible
Optimal objective: 1.897000e+03
Model is infeasible
Optimal objective: 1.897000e+03
Model is infeasible
Optimal objective: 1.897000e+03
Model is infeasible
Optimal objective: 1.897000e+03
Model is infeasible
Optimal objective: 1.897000e+03
Model is infeasible
Optimal objective: 1.897000e+03
Model is infeasible
Optimal objective: 1.897000e+03
Model is infeasible
Optimal objective: 1.897000e+03
Model is infeasible
Optimal objective: 1.897000e+03
Model is infeasible
Optimal objective: 1.897000e+03
Model is infeasible
Optimal objective: 1.897000e+03
Model is infeasible
Optimal objective: 1.897000e+03
Model is infeasible
Optimal objective: 1.897000e+03
Model is infeasible
Optimal objective: 1.897000e+03
Model is infeasible
Optimal objective: 1.897000e+03
Model is infeasible
Optimal objective: 1.897000e+03
Model is infeasible
Optimal objective: 1.897000e+03
Model is infeasible
Optimal objective: 1.897000e+03
Model is infeasible
Optimal objective: 1.897000e+03
Model is infeasible
Optimal objective: 1.897000e+03
Model is infeasible
Optimal objective: 1.897000e+03
Model is infeasible
Optimal objective: 1.897000e+03
Model is infeasible
Optimal objective: 1.897000e+03
Model is infeasible
Optimal objective: 1.897000e+03
Model is infeasible
Optimal objective: 1.897000e+03
Model is infeasible
Optimal objective: 1.897000e+03
Model is infeasible
Optimal objective: 1.897000e+03
Model is infeasible
Optimal objective: 1.897000e+03
Model is infeasible
Optimal objective: 1.897000e+03
Model is infeasible
Optimal objective: 1.897000e+03
Model is infeasible
Optimal objective: 1.897000e+03
Model is infeasible
Optimal objective: 1.897000e+03
Model is infeasible
Optimal objective: 1.897000e+03
Model is infeasible
Optimal objective: 1.897000e+03
Model is infeasible
Optimal objective: 1.897000e+03
Model is infeasible
Optimal objective: 1.897000e+03
Model is infeasible
Optimal objective: 1.897000e+03
Model is infeasible
Optimal objective: 1.897000e+03
Model is infeasible
Optimal objective: 1.897000e+03
Model is infeasible
Optimal objective: 1.897000e+03
Model is infeasible
Optimal objective: 1.897000e+03
Model is infeasible
Optimal objective: 1.897000e+03
Model is infeasible
Optimal objective: 1.897000e+03
Model is infeasible
Optimal objective: 1.897000e+03
Model is infeasible
Optimal objective: 1.897000e+03
Model is infeasible
Optimal objective: 1.897000e+03
Model is infeasible
Optimal objective: 1.897000e+03
Model is infeasible
Optimal objective: 1.897000e+03
Model is infeasible
Optimal objective: 1.897000e+03
Model is infeasible
Optimal objective: 1.897000e+03
Model is infeasible
Optimal objective: 1.897000e+03
Model is infeasible
Optimal objective: 1.897000e+03
Model is infeasible
Optimal objective: 1.897000e+03
Model is infeasible
Optimal objective: 1.897000e+03
Model is infeasible
Optimal objective: 1.897000e+03
Model is infeasible
Optimal objective: 1.897000e+03
Model is infeasible
Optimal objective: 1.897000e+03
Model is infeasible
Optimal objective: 1.897000e+03
Model is infeasible
Optimal objective: 1.897000e+03
Model is infeasible
Optimal objective: 1.897000e+03
Model is infeasible
Optimal objective: 1.897000e+03
Model is infeasible
Optimal objective: 1.897000e+03
Model is infeasible
Optimal objective: 1.897000e+03
Model is infeasible
Optimal objective: 1.897000e+03
Model is infeasible
Optimal objective: 1.897000e+03
Model is infeasible
Optimal objective: 1.897000e+03
Model is infeasible
Optimal objective: 1.897000e+03
Model is infeasible
Optimal objective: 1.897000e+03
Model is infeasible
Optimal objective: 1.897000e+03
Model is infeasible
Optimal objective: 1.897000e+03
Model is infeasible
Optimal objective: 1.897000e+03
Model is infeasible
Optimal objective: 1.897000e+03
Model is infeasible
Optimal objective: 1.897000e+03
Model is infeasible
Optimal objective: 1.897000e+03
Model is infeasible
Optimal objective: 1.897000e+03
Model is infeasible
Optimal objective: 1.897000e+03
Model is infeasible
Optimal objective: 1.897000e+03
Model is infeasible
Optimal objective: 1.897000e+03
Model is infeasible
Optimal objective: 1.897000e+03
Model is infeasible
Optimal objective: 1.897000e+03
Model is infeasible
Optimal objective: 1.897000e+03
Model is infeasible
Optimal objective: 1.897000e+03
Model is infeasible
Optimal objective: 1.897000e+03
Model is infeasible
Optimal objective: 1.897000e+03
Model is infeasible
Optimal objective: 1.897000e+03
Model is infeasible
Optimal objective: 1.897000e+03
Model is infeasible
Optimal objective: 1.897000e+03
Model is infeasible
Optimal objective: 1.897000e+03
Model is infeasible
Optimal objective: 1.897000e+03
Model is infeasible
Optimal objective: 1.897000e+03
Model is infeasible
Optimal objective: 1.897000e+03
Model is infeasible
Optimal objective: 1.897000e+03
Model is infeasible
Optimal objective: 1.897000e+03
Model is infeasible
Optimal objective: 1.897000e+03
Model is infeasible
Optimal objective: 1.897000e+03
Model is infeasible
Optimal objective: 1.897000e+03
Model is infeasible
Optimal objective: 1.897000e+03
Model is infeasible
Optimal objective: 1.897000e+03
Model is infeasible
Optimal objective: 1.897000e+03
Model is infeasible
Optimal objective: 1.897000e+03
Model is infeasible
Optimal objective: 1.897000e+03
Model is infeasible
Optimal objective: 1.897000e+03
Model is infeasible
Optimal objective: 1.897000e+03
Model is infeasible
Optimal objective: 1.897000e+03
Model is infeasible
Optimal objective: 1.897000e+03
Model is infeasible
Optimal objective: 1.897000e+03
Model is infeasible
Optimal objective: 1.897000e+03
Model is infeasible
Optimal objective: 1.897000e+03
Model is infeasible
Optimal objective: 1.897000e+03
Model is infeasible
Optimal objective: 1.897000e+03
Model is infeasible
Optimal objective: 1.897000e+03
Model is infeasible
Optimal objective: 1.897000e+03
Model is infeasible
Optimal objective: 1.897000e+03
Model is infeasible
Optimal objective: 1.897000e+03
Model is infeasible
Optimal objective: 1.897000e+03
Model is infeasible
Optimal objective: 1.897000e+03
Model is infeasible
Optimal objective: 1.897000e+03
Model is infeasible
Optimal objective: 1.897000e+03
Model is infeasible
Optimal objective: 1.897000e+03
Model is infeasible
Optimal objective: 1.897000e+03
Model is infeasible
Optimal objective: 1.897000e+03
Model is infeasible
Optimal objective: 1.897000e+03
Model is infeasible
Optimal objective: 1.897000e+03
Model is infeasible
Optimal objective: 1.897000e+03
Model is infeasible
Optimal objective: 1.897000e+03
Model is infeasible
Optimal objective: 1.897000e+03
Model is infeasible
Optimal objective: 1.897000e+03
Model is infeasible
Optimal objective: 1.897000e+03
Model is infeasible
Optimal objective: 1.897000e+03
Model is infeasible
Optimal objective: 1.897000e+03
Model is infeasible
Optimal objective: 1.897000e+03
Model is infeasible
Optimal objective: 1.897000e+03
Model is infeasible
Optimal objective: 1.897000e+03
Model is infeasible
Optimal objective: 1.897000e+03
Model is infeasible
Optimal objective: 1.897000e+03
Model is infeasible
Optimal objective: 1.897000e+03
Model is infeasible
Optimal objective: 1.897000e+03
Model is infeasible
Optimal objective: 1.897000e+03
Model is infeasible
Optimal objective: 1.897000e+03
Model is infeasible
Optimal objective: 1.897000e+03
Model is infeasible
Optimal objective: 1.897000e+03
Model is infeasible
Optimal objective: 1.897000e+03
Model is infeasible
Optimal objective: 1.897000e+03
Model is infeasible
Optimal objective: 1.897000e+03
Model is infeasible
Optimal objective: 1.897000e+03
Model is infeasible
Optimal objective: 1.897000e+03
Model is infeasible
Optimal objective: 1.897000e+03
Model is infeasible
Optimal objective: 1.897000e+03
Model is infeasible
Optimal objective: 1.897000e+03
Model is infeasible
Optimal objective: 1.897000e+03
Model is infeasible
Optimal objective: 1.897000e+03
Model is infeasible
Optimal objective: 1.897000e+03
Model is infeasible
Optimal objective: 1.897000e+03
Model is infeasible
Optimal objective: 1.897000e+03
Model is infeasible
Optimal objective: 1.897000e+03
Model is infeasible
Optimal objective: 1.897000e+03
Model is infeasible
Optimal objective: 1.897000e+03
Model is infeasible
Optimal objective: 1.897000e+03
Model is infeasible
Optimal objective: 1.897000e+03
Model is infeasible
Optimal objective: 1.897000e+03
Model is infeasible
Optimal objective: 1.897000e+03
Model is infeasible
Optimal objective: 1.897000e+03
Model is infeasible
Optimal objective: 1.897000e+03
Model is infeasible
Optimal objective: 1.897000e+03
Model is infeasible
Optimal objective: 1.897000e+03
Model is infeasible
Optimal objective: 1.897000e+03
Model is infeasible
Optimal objective: 1.897000e+03
Model is infeasible
Optimal objective: 1.897000e+03
Model is infeasible
Optimal objective: 1.897000e+03
Model is infeasible
Optimal objective: 1.897000e+03
Model is infeasible
Optimal objective: 1.897000e+03
Model is infeasible
Optimal objective: 1.897000e+03
Model is infeasible
Optimal objective: 1.897000e+03
Model is infeasible
Optimal objective: 1.897000e+03
Model is infeasible
Optimal objective: 1.897000e+03
Model is infeasible
Optimal objective: 1.897000e+03
Model is infeasible
Optimal objective: 1.897000e+03
Model is infeasible
Optimal objective: 1.897000e+03
Model is infeasible
Optimal objective: 1.897000e+03
Model is infeasible
Optimal objective: 1.897000e+03
Model is infeasible
Optimal objective: 1.897000e+03
Model is infeasible
Optimal objective: 1.897000e+03
Model is infeasible
Optimal objective: 1.897000e+03
Model is infeasible
Optimal objective: 1.897000e+03
Model is infeasible
Optimal objective: 1.897000e+03
Model is infeasible
Optimal objective: 1.897000e+03
Model is infeasible
Optimal objective: 1.897000e+03
Model is infeasible
Optimal objective: 1.897000e+03
Model is infeasible
Optimal objective: 1.897000e+03
Model is infeasible
Optimal objective: 1.897000e+03
Model is infeasible
Optimal objective: 1.897000e+03
Model is infeasible
Optimal objective: 1.897000e+03
Model is infeasible
Optimal objective: 1.897000e+03
Model is infeasible
Optimal objective: 1.897000e+03
Model is infeasible
Optimal objective: 1.897000e+03
Model is infeasible
Optimal objective: 1.897000e+03
Model is infeasible
Optimal objective: 1.897000e+03
Model is infeasible
Optimal objective: 1.897000e+03
Model is infeasible
Optimal objective: 1.897000e+03
Model is infeasible
Optimal objective: 1.897000e+03
Model is infeasible
Optimal objective: 1.897000e+03
Model is infeasible
Optimal objective: 1.897000e+03
Model is infeasible
Optimal objective: 1.897000e+03
Model is infeasible
Optimal objective: 1.897000e+03
Model is infeasible
Optimal objective: 1.897000e+03
Model is infeasible
Optimal objective: 1.897000e+03
Model is infeasible
Optimal objective: 1.897000e+03
Model is infeasible
Optimal objective: 1.897000e+03
Model is infeasible
Optimal objective: 1.897000e+03
Model is infeasible
Optimal objective: 1.897000e+03
Model is infeasible
Optimal objective: 1.897000e+03
Model is infeasible
Optimal objective: 1.897000e+03
Model is infeasible
Optimal objective: 1.897000e+03
Model is infeasible
Optimal objective: 1.897000e+03
Model is infeasible
Optimal objective: 1.897000e+03
Model is infeasible
Optimal objective: 1.897000e+03
Model is infeasible
Optimal objective: 1.897000e+03
Model is infeasible
Optimal objective: 1.897000e+03
Model is infeasible
Optimal objective: 1.897000e+03
Model is infeasible
Optimal objective: 1.897000e+03
Model is infeasible
Optimal objective: 1.897000e+03
Model is infeasible
Optimal objective: 1.897000e+03
Model is infeasible
Optimal objective: 1.897000e+03
Model is infeasible
Optimal objective: 1.897000e+03
Model is infeasible
Optimal objective: 1.897000e+03
Model is infeasible
Optimal objective: 1.897000e+03
Model is infeasible
Optimal objective: 1.897000e+03
Model is infeasible
Optimal objective: 1.897000e+03
Model is infeasible
Optimal objective: 1.897000e+03
Model is infeasible
Optimal objective: 1.897000e+03
Model is infeasible
Optimal objective: 1.897000e+03
Model is infeasible
Optimal objective: 1.897000e+03
Model is infeasible
Optimal objective: 1.897000e+03
Model is infeasible
Optimal objective: 1.897000e+03
Model is infeasible
Optimal objective: 1.897000e+03
Model is infeasible
Optimal objective: 1.897000e+03
Model is infeasible
Optimal objective: 1.897000e+03
Model is infeasible
Optimal objective: 1.897000e+03
Model is infeasible
Optimal objective: 1.897000e+03
Model is infeasible
Optimal objective: 1.897000e+03
Model is infeasible
Optimal objective: 1.897000e+03
Model is infeasible
Optimal objective: 1.897000e+03
Model is infeasible
Optimal objective: 1.897000e+03
Model is infeasible
Optimal objective: 1.897000e+03
Model is infeasible
Optimal objective: 1.897000e+03
Model is infeasible
Optimal objective: 1.897000e+03
Model is infeasible
Optimal objective: 1.897000e+03
Model is infeasible
Optimal objective: 1.897000e+03
Model is infeasible
Optimal objective: 1.897000e+03
Model is infeasible
Optimal objective: 1.897000e+03
Model is infeasible
Optimal objective: 1.897000e+03
Model is infeasible
Optimal objective: 1.897000e+03
Model is infeasible
Optimal objective: 1.897000e+03
Model is infeasible
Optimal objective: 1.897000e+03
Model is infeasible
Optimal objective: 1.897000e+03
Model is infeasible
Optimal objective: 1.897000e+03
Model is infeasible
Optimal objective: 1.897000e+03
Model is infeasible
Optimal objective: 1.897000e+03
Model is infeasible
Optimal objective: 1.897000e+03
Model is infeasible
Optimal objective: 1.897000e+03
Model is infeasible
Optimal objective: 1.897000e+03
Model is infeasible
Optimal objective: 1.897000e+03
Model is infeasible
Optimal objective: 1.897000e+03
Model is infeasible
Optimal objective: 1.897000e+03
Model is infeasible
Optimal objective: 1.897000e+03
Model is infeasible
Optimal objective: 1.897000e+03
Model is infeasible
Optimal objective: 1.897000e+03
Model is infeasible
Optimal objective: 1.897000e+03
Model is infeasible
Optimal objective: 1.897000e+03
Model is infeasible
Optimal objective: 1.897000e+03
Model is infeasible
Optimal objective: 1.897000e+03
Model is infeasible
Optimal objective: 1.897000e+03
Model is infeasible
Optimal objective: 1.897000e+03
Model is infeasible
Optimal objective: 1.897000e+03
Model is infeasible
Optimal objective: 1.897000e+03
Model is infeasible
Optimal objective: 1.897000e+03
Model is infeasible
Optimal objective: 1.897000e+03
Model is infeasible
Optimal objective: 1.897000e+03
Model is infeasible
Optimal objective: 1.897000e+03
Model is infeasible
Optimal objective: 1.897000e+03
Model is infeasible
Optimal objective: 1.897000e+03
Model is infeasible
Optimal objective: 1.897000e+03
Model is infeasible
Optimal objective: 1.897000e+03
Model is infeasible
Optimal objective: 1.897000e+03
Model is infeasible
Optimal objective: 1.897000e+03
Model is infeasible
Optimal objective: 1.897000e+03
Model is infeasible
Optimal objective: 1.897000e+03
Model is infeasible
Optimal objective: 1.897000e+03
Model is infeasible
Optimal objective: 1.897000e+03
Model is infeasible
Optimal objective: 1.897000e+03
Model is infeasible
Optimal objective: 1.897000e+03
Model is infeasible
Optimal objective: 1.897000e+03
Model is infeasible
Optimal objective: 1.897000e+03
Model is infeasible
Optimal objective: 1.897000e+03
Model is infeasible
Optimal objective: 1.897000e+03
Model is infeasible
Optimal objective: 1.897000e+03
Model is infeasible
Optimal objective: 1.897000e+03
Model is infeasible
Optimal objective: 1.897000e+03
Model is infeasible
Optimal objective: 1.897000e+03
Model is infeasible
Optimal objective: 1.897000e+03
Model is infeasible
Optimal objective: 1.897000e+03
Model is infeasible
Optimal objective: 1.897000e+03
Model is infeasible
Optimal objective: 1.897000e+03
Model is infeasible
Optimal objective: 1.897000e+03
Model is infeasible
Optimal objective: 1.897000e+03
Model is infeasible
Optimal objective: 1.897000e+03
Model is infeasible
Optimal objective: 1.897000e+03
Model is infeasible
Optimal objective: 1.897000e+03
Model is infeasible
Optimal objective: 1.897000e+03
Model is infeasible
Optimal objective: 1.897000e+03
Model is infeasible
Optimal objective: 1.897000e+03
Model is infeasible
Optimal objective: 1.897000e+03
Model is infeasible
Optimal objective: 1.897000e+03
Model is infeasible
Optimal objective: 1.897000e+03
Model is infeasible
Optimal objective: 1.897000e+03
Model is infeasible
Optimal objective: 1.897000e+03
Model is infeasible
Optimal objective: 1.897000e+03
Model is infeasible
Optimal objective: 1.897000e+03
Model is infeasible
Optimal objective: 1.897000e+03
Model is infeasible
Optimal objective: 1.897000e+03
Model is infeasible
Optimal objective: 1.897000e+03
Model is infeasible
Optimal objective: 1.897000e+03
Model is infeasible
Optimal objective: 1.897000e+03
Model is infeasible
Optimal objective: 1.897000e+03
Model is infeasible
Optimal objective: 1.897000e+03
Model is infeasible
Optimal objective: 1.897000e+03
Model is infeasible
Optimal objective: 1.897000e+03
Model is infeasible
Optimal objective: 1.897000e+03
Model is infeasible
Optimal objective: 1.897000e+03
Model is infeasible
Optimal objective: 1.897000e+03
Model is infeasible
Optimal objective: 1.897000e+03
Model is infeasible
Optimal objective: 1.897000e+03
Model is infeasible
Optimal objective: 1.897000e+03
Model is infeasible
Optimal objective: 1.897000e+03
Model is infeasible
Optimal objective: 1.897000e+03
Model is infeasible
Optimal objective: 1.897000e+03
Model is infeasible
Optimal objective: 1.897000e+03
Model is infeasible
Optimal objective: 1.897000e+03
Model is infeasible
Optimal objective: 1.897000e+03
Model is infeasible
Optimal objective: 1.897000e+03
Model is infeasible
Optimal objective: 1.897000e+03
Model is infeasible
Optimal objective: 1.897000e+03
Model is infeasible
Optimal objective: 1.897000e+03
Model is infeasible
Optimal objective: 1.897000e+03
Model is infeasible
Optimal objective: 1.897000e+03
Model is infeasible
Optimal objective: 1.897000e+03
Model is infeasible
Optimal objective: 1.897000e+03
Model is infeasible
Optimal objective: 1.897000e+03
Model is infeasible
Optimal objective: 1.897000e+03
Model is infeasible
Optimal objective: 1.897000e+03
Model is infeasible
Optimal objective: 1.897000e+03
Model is infeasible
Optimal objective: 1.897000e+03
Model is infeasible
Optimal objective: 1.897000e+03
Model is infeasible
Optimal objective: 1.897000e+03
Model is infeasible
Optimal objective: 1.897000e+03
Model is infeasible
Optimal objective: 1.897000e+03
Model is infeasible
Optimal objective: 1.897000e+03
Model is infeasible
Optimal objective: 1.897000e+03
Model is infeasible
Optimal objective: 1.897000e+03
Model is infeasible
Optimal objective: 1.897000e+03
Model is infeasible
Optimal objective: 1.897000e+03
Model is infeasible
Optimal objective: 1.897000e+03
Model is infeasible
Optimal objective: 1.897000e+03
Model is infeasible
Optimal objective: 1.897000e+03
Model is infeasible
Optimal objective: 1.897000e+03
Model is infeasible
Optimal objective: 1.897000e+03
Model is infeasible
Optimal objective: 1.897000e+03
Model is infeasible
Optimal objective: 1.897000e+03
Model is infeasible
Optimal objective: 1.897000e+03
Model is infeasible
Optimal objective: 1.897000e+03
Model is infeasible
Optimal objective: 1.897000e+03
Model is infeasible
Optimal objective: 1.897000e+03
Model is infeasible
Optimal objective: 1.897000e+03
Model is infeasible
Optimal objective: 1.897000e+03
Model is infeasible
Optimal objective: 1.897000e+03
Model is infeasible
Optimal objective: 1.897000e+03
Model is infeasible
Optimal objective: 1.897000e+03
Model is infeasible
Optimal objective: 1.897000e+03
Model is infeasible
Optimal objective: 1.897000e+03
Model is infeasible
Optimal objective: 1.897000e+03
Model is infeasible
Optimal objective: 1.897000e+03
Model is infeasible
Optimal objective: 1.897000e+03
Model is infeasible
Optimal objective: 1.897000e+03
Model is infeasible
Optimal objective: 1.897000e+03
Model is infeasible
Optimal objective: 1.897000e+03
Model is infeasible
Optimal objective: 1.897000e+03
Model is infeasible
Optimal objective: 1.897000e+03
Model is infeasible
Optimal objective: 1.897000e+03
Model is infeasible
Optimal objective: 1.897000e+03
Model is infeasible
Optimal objective: 1.897000e+03
Model is infeasible
Optimal objective: 1.897000e+03
Model is infeasible
Optimal objective: 1.897000e+03
Model is infeasible
Optimal objective: 1.897000e+03
Model is infeasible
Optimal objective: 1.897000e+03
Model is infeasible
Optimal objective: 1.897000e+03
Model is infeasible
Optimal objective: 1.897000e+03
Model is infeasible
Optimal objective: 1.897000e+03
Model is infeasible
Optimal objective: 1.897000e+03
Model is infeasible
Optimal objective: 1.897000e+03
Model is infeasible
Optimal objective: 1.897000e+03
Model is infeasible
Optimal objective: 1.897000e+03
Model is infeasible
Optimal objective: 1.897000e+03
Model is infeasible
Optimal objective: 1.897000e+03
Model is infeasible
Optimal objective: 1.897000e+03
Model is infeasible
Optimal objective: 1.897000e+03
Model is infeasible
Optimal objective: 1.897000e+03
Model is infeasible
Optimal objective: 1.897000e+03
Model is infeasible
Optimal objective: 1.897000e+03
Model is infeasible
Optimal objective: 1.897000e+03
Model is infeasible
Optimal objective: 1.897000e+03
Model is infeasible
Optimal objective: 1.897000e+03
Model is infeasible
Optimal objective: 1.897000e+03
Model is infeasible
Optimal objective: 1.897000e+03
Model is infeasible
Optimal objective: 1.897000e+03
Model is infeasible
Optimal objective: 1.897000e+03
Model is infeasible
Optimal objective: 1.897000e+03
Model is infeasible
Optimal objective: 1.897000e+03
Model is infeasible
Optimal objective: 1.897000e+03
Model is infeasible
Optimal objective: 1.897000e+03
Model is infeasible
Optimal objective: 1.897000e+03
Model is infeasible
Optimal objective: 1.897000e+03
Model is infeasible
Optimal objective: 1.897000e+03
Model is infeasible
Optimal objective: 1.897000e+03
Model is infeasible
Optimal objective: 1.897000e+03
Model is infeasible
Optimal objective: 1.897000e+03
Model is infeasible
Optimal objective: 1.897000e+03
Model is infeasible
Optimal objective: 1.897000e+03
Model is infeasible
Optimal objective: 1.897000e+03
Model is infeasible
Optimal objective: 1.897000e+03
Model is infeasible
Optimal objective: 1.897000e+03
Model is infeasible
Optimal objective: 1.897000e+03
Model is infeasible
Optimal objective: 1.897000e+03
Model is infeasible
Optimal objective: 1.897000e+03
Model is infeasible
Optimal objective: 1.897000e+03
Model is infeasible
Optimal objective: 1.897000e+03
Model is infeasible
Optimal objective: 1.897000e+03
Model is infeasible
Optimal objective: 1.897000e+03
Model is infeasible
Optimal objective: 1.897000e+03
Model is infeasible
Optimal objective: 1.897000e+03
Model is infeasible
Optimal objective: 1.897000e+03
Model is infeasible
Optimal objective: 1.897000e+03
Model is infeasible
Optimal objective: 1.897000e+03
Model is infeasible
Optimal objective: 1.897000e+03
Model is infeasible
Optimal objective: 1.897000e+03
Model is infeasible
Optimal objective: 1.897000e+03
Model is infeasible
Optimal objective: 1.897000e+03
Model is infeasible
Optimal objective: 1.897000e+03
Model is infeasible
Optimal objective: 1.897000e+03
Model is infeasible
Optimal objective: 1.897000e+03
Model is infeasible
Optimal objective: 1.897000e+03
Model is infeasible
Optimal objective: 1.897000e+03
Model is infeasible
Optimal objective: 1.897000e+03
Model is infeasible
Optimal objective: 1.897000e+03
Model is infeasible
Optimal objective: 1.897000e+03
Model is infeasible
Optimal objective: 1.897000e+03
Model is infeasible
Optimal objective: 1.897000e+03
Model is infeasible
Optimal objective: 1.897000e+03
Model is infeasible
Optimal objective: 1.897000e+03
Model is infeasible
Optimal objective: 1.897000e+03
Model is infeasible
Optimal objective: 1.897000e+03
Model is infeasible
Optimal objective: 1.897000e+03
Model is infeasible
Optimal objective: 1.897000e+03
Model is infeasible
Optimal objective: 1.897000e+03
Model is infeasible
Optimal objective: 1.897000e+03
Model is infeasible
Optimal objective: 1.897000e+03
Model is infeasible
Optimal objective: 1.897000e+03
Model is infeasible
Optimal objective: 1.897000e+03
Model is infeasible
Optimal objective: 1.897000e+03
Model is infeasible
Optimal objective: 1.897000e+03
Model is infeasible
Optimal objective: 1.897000e+03
Model is infeasible
Optimal objective: 1.897000e+03
Model is infeasible
Optimal objective: 1.897000e+03
Model is infeasible
Optimal objective: 1.897000e+03
Model is infeasible
Optimal objective: 1.897000e+03
Model is infeasible
Optimal objective: 1.897000e+03
Model is infeasible
Optimal objective: 1.897000e+03
Model is infeasible
Optimal objective: 1.897000e+03
Model is infeasible
Optimal objective: 1.897000e+03
Model is infeasible
Optimal objective: 1.897000e+03
Model is infeasible
Optimal objective: 1.897000e+03
Model is infeasible
Optimal objective: 1.897000e+03
Model is infeasible
Optimal objective: 1.897000e+03
Model is infeasible
Optimal objective: 1.897000e+03
Model is infeasible
Optimal objective: 1.897000e+03
Model is infeasible
Optimal objective: 1.897000e+03
Model is infeasible
Optimal objective: 1.897000e+03
Model is infeasible
Optimal objective: 1.897000e+03
Model is infeasible
Optimal objective: 1.897000e+03
Model is infeasible
Optimal objective: 1.897000e+03
Model is infeasible
Optimal objective: 1.897000e+03
Model is infeasible
Optimal objective: 1.897000e+03
Model is infeasible
Optimal objective: 1.897000e+03
Model is infeasible
Optimal objective: 1.897000e+03
Model is infeasible
Optimal objective: 1.897000e+03
Model is infeasible
Optimal objective: 1.897000e+03
Model is infeasible
Optimal objective: 1.897000e+03
Model is infeasible
Optimal objective: 1.897000e+03
Model is infeasible
Optimal objective: 1.897000e+03
Model is infeasible
Optimal objective: 1.897000e+03
Model is infeasible
Optimal objective: 1.897000e+03
Model is infeasible
Optimal objective: 1.897000e+03
Model is infeasible
Optimal objective: 1.897000e+03
Model is infeasible
Optimal objective: 1.897000e+03
Model is infeasible
Optimal objective: 1.897000e+03
Model is infeasible
Optimal objective: 1.897000e+03
Model is infeasible
Optimal objective: 1.897000e+03
Model is infeasible
Optimal objective: 1.897000e+03
Model is infeasible
Optimal objective: 1.897000e+03
Model is infeasible
Optimal objective: 1.897000e+03
Model is infeasible
Optimal objective: 1.897000e+03
Model is infeasible
Optimal objective: 1.897000e+03
Model is infeasible
Optimal objective: 1.897000e+03
Model is infeasible
Optimal objective: 1.897000e+03
Model is infeasible
Optimal objective: 1.897000e+03
Model is infeasible
Optimal objective: 1.897000e+03
Model is infeasible
Optimal objective: 1.897000e+03
Model is infeasible
Optimal objective: 1.897000e+03
Model is infeasible
Optimal objective: 1.897000e+03
Model is infeasible
Optimal objective: 1.897000e+03
Model is infeasible
Optimal objective: 1.897000e+03
Model is infeasible
Optimal objective: 1.897000e+03
Model is infeasible
Optimal objective: 1.897000e+03
Model is infeasible
Optimal objective: 1.897000e+03
Model is infeasible
Optimal objective: 1.897000e+03
Model is infeasible
Optimal objective: 1.897000e+03
Model is infeasible
Optimal objective: 1.897000e+03
Model is infeasible
Optimal objective: 1.897000e+03
Model is infeasible
Optimal objective: 1.897000e+03
Model is infeasible
Optimal objective: 1.897000e+03
Model is infeasible
Optimal objective: 1.897000e+03
Model is infeasible
Optimal objective: 1.897000e+03
Model is infeasible
Optimal objective: 1.897000e+03
Model is infeasible
Optimal objective: 1.897000e+03
Model is infeasible
Optimal objective: 1.897000e+03
Model is infeasible
Optimal objective: 1.897000e+03
Model is infeasible
Optimal objective: 1.897000e+03
Model is infeasible
Optimal objective: 1.897000e+03
Model is infeasible
Optimal objective: 1.897000e+03
Model is infeasible
Optimal objective: 1.897000e+03
Model is infeasible
Optimal objective: 1.897000e+03
Model is infeasible
Optimal objective: 1.897000e+03
Model is infeasible
Optimal objective: 1.897000e+03
Model is infeasible
Optimal objective: 1.897000e+03
Model is infeasible
Optimal objective: 1.897000e+03
Model is infeasible
Optimal objective: 1.897000e+03
Model is infeasible
Optimal objective: 1.897000e+03
Model is infeasible
Optimal objective: 1.897000e+03
Model is infeasible
Optimal objective: 1.897000e+03
Model is infeasible
Optimal objective: 1.897000e+03
Model is infeasible
Optimal objective: 1.897000e+03
Model is infeasible
Optimal objective: 1.897000e+03
Model is infeasible
Optimal objective: 1.897000e+03
Model is infeasible
Optimal objective: 1.897000e+03
Model is infeasible
Optimal objective: 1.897000e+03
Model is infeasible
Optimal objective: 1.897000e+03
Model is infeasible
Optimal objective: 1.897000e+03
Model is infeasible
Optimal objective: 1.897000e+03
Model is infeasible
Optimal objective: 1.897000e+03
Model is infeasible
Optimal objective: 1.897000e+03
Model is infeasible
Optimal objective: 1.897000e+03
Model is infeasible
Optimal objective: 1.897000e+03
Model is infeasible
Optimal objective: 1.897000e+03
Model is infeasible
Optimal objective: 1.897000e+03
Model is infeasible

 final sched latency: 2
